// Jest Snapshot v1, https://goo.gl/fbAQLP

exports[`Forecast test cases ------ Snapshot match 1`] = `ShallowWrapper {}`;
