// Jest Snapshot v1, https://goo.gl/fbAQLP

exports[`WeatherInput test cases ------ Snapshot match 1`] = `ShallowWrapper {}`;
