// Jest Snapshot v1, https://goo.gl/fbAQLP

exports[`Store provider ------ App Snapshot match 1`] = `ShallowWrapper {}`;
